2025-08-02 13:08:32,752 [INFO] Starting fine-tuning. Config: {'model': {'pretrained_path': 'model_files/ECGPT_560k_iters.pth', 'vocab_size': 101, 'block_size': 500, 'n_embd': 64, 'n_head': 8, 'n_layer': 8, 'dropout': 0.2}, 'training': {'batch_size': 32, 'learning_rate': '1e-4', 'max_epochs': 5, 'weight_decay': 0.0}, 'freeze': {'unfreeze_last_block': True, 'unfreeze_layer_norm': True}, 'data': {'train_csv': 'path/to/train_labels.csv', 'val_csv': 'path/to/val_labels.csv'}, 'output': {'dir': 'finetune_checkpoints'}}
2025-08-02 13:08:32,752 [INFO] Trainable params: 49,985
2025-08-02 22:12:18,316 [INFO] Starting fine-tuning. Config: {'model': {'pretrained_path': 'model_files/ECGPT_560k_iters.pth', 'vocab_size': 101, 'block_size': 500, 'n_embd': 64, 'n_head': 8, 'n_layer': 8, 'dropout': 0.2}, 'training': {'batch_size': 32, 'learning_rate': '1e-4', 'max_epochs': 5, 'weight_decay': 0.0}, 'freeze': {'unfreeze_last_block': True, 'unfreeze_layer_norm': True}, 'data': {'train_csv': 'path/to/train_labels.csv', 'val_csv': 'path/to/val_labels.csv'}, 'output': {'dir': 'finetune_checkpoints'}}
2025-08-02 22:12:18,323 [INFO] Trainable params: 49,985
2025-08-02 22:14:48,608 [INFO] Starting fine-tuning. Config: {'model': {'pretrained_path': 'model_files/ECGPT_560k_iters.pth', 'vocab_size': 101, 'block_size': 500, 'n_embd': 64, 'n_head': 8, 'n_layer': 8, 'dropout': 0.2}, 'training': {'batch_size': 32, 'learning_rate': '1e-4', 'max_epochs': 5, 'weight_decay': 0.0}, 'freeze': {'unfreeze_last_block': True, 'unfreeze_layer_norm': True}, 'data': {'train_csv': 'path/to/train_labels.csv', 'val_csv': 'path/to/val_labels.csv'}, 'output': {'dir': 'finetune_checkpoints'}}
2025-08-02 22:14:48,609 [INFO] Trainable params: 49,985
2025-08-02 22:22:00,622 [INFO] Starting fine-tuning. Config: {'model': {'pretrained_path': 'model_files/ECGPT_560k_iters.pth', 'vocab_size': 101, 'block_size': 500, 'n_embd': 64, 'n_head': 8, 'n_layer': 8, 'dropout': 0.2}, 'training': {'batch_size': 32, 'learning_rate': '1e-4', 'max_epochs': 5, 'weight_decay': 0.0}, 'freeze': {'unfreeze_last_block': True, 'unfreeze_layer_norm': True}, 'data': {'train_csv': 'path/to/train_labels.csv', 'val_csv': 'path/to/val_labels.csv'}, 'output': {'dir': 'finetune_checkpoints'}}
2025-08-02 22:22:00,622 [INFO] Trainable params: 49,985
2025-08-02 22:24:43,613 [INFO] Starting fine-tuning. Config: {'model': {'pretrained_path': 'model_files/ECGPT_560k_iters.pth', 'vocab_size': 101, 'block_size': 500, 'n_embd': 64, 'n_head': 8, 'n_layer': 8, 'dropout': 0.2}, 'training': {'batch_size': 32, 'learning_rate': '1e-4', 'max_epochs': 5, 'weight_decay': 0.0}, 'freeze': {'unfreeze_last_block': True, 'unfreeze_layer_norm': True}, 'data': {'train_csv': 'path/to/train_labels.csv', 'val_csv': 'path/to/val_labels.csv'}, 'output': {'dir': 'finetune_checkpoints'}}
2025-08-02 22:24:43,614 [INFO] Trainable params: 49,985
2025-08-02 22:25:25,443 [INFO] Starting fine-tuning. Config: {'model': {'pretrained_path': 'model_files/ECGPT_560k_iters.pth', 'vocab_size': 101, 'block_size': 500, 'n_embd': 64, 'n_head': 8, 'n_layer': 8, 'dropout': 0.2}, 'training': {'batch_size': 32, 'learning_rate': '1e-4', 'max_epochs': 5, 'weight_decay': 0.0}, 'freeze': {'unfreeze_last_block': True, 'unfreeze_layer_norm': True}, 'data': {'train_csv': 'path/to/train_labels.csv', 'val_csv': 'path/to/val_labels.csv'}, 'output': {'dir': 'finetune_checkpoints'}}
2025-08-02 22:25:25,443 [INFO] Trainable params: 49,985
2025-08-02 22:25:42,664 [INFO] Starting fine-tuning. Config: {'model': {'pretrained_path': 'model_files/ECGPT_560k_iters.pth', 'vocab_size': 101, 'block_size': 500, 'n_embd': 64, 'n_head': 8, 'n_layer': 8, 'dropout': 0.2}, 'training': {'batch_size': 32, 'learning_rate': '1e-4', 'max_epochs': 5, 'weight_decay': 0.0}, 'freeze': {'unfreeze_last_block': True, 'unfreeze_layer_norm': True}, 'data': {'train_csv': 'path/to/train_labels.csv', 'val_csv': 'path/to/val_labels.csv'}, 'output': {'dir': 'finetune_checkpoints'}}
2025-08-02 22:25:42,665 [INFO] Trainable params: 49,985
2025-08-02 22:26:29,646 [INFO] Starting fine-tuning. Config: {'model': {'pretrained_path': 'model_files/ECGPT_560k_iters.pth', 'vocab_size': 101, 'block_size': 500, 'n_embd': 64, 'n_head': 8, 'n_layer': 8, 'dropout': 0.2}, 'training': {'batch_size': 32, 'learning_rate': '1e-4', 'max_epochs': 5, 'weight_decay': 0.0}, 'freeze': {'unfreeze_last_block': True, 'unfreeze_layer_norm': True}, 'data': {'train_csv': 'path/to/train_labels.csv', 'val_csv': 'path/to/val_labels.csv'}, 'output': {'dir': 'finetune_checkpoints'}}
2025-08-02 22:26:29,646 [INFO] Trainable params: 49,985
2025-08-02 22:30:03,572 [INFO] Starting fine-tuning. Config: {'model': {'pretrained_path': 'model_files/ECGPT_560k_iters.pth', 'vocab_size': 101, 'block_size': 500, 'n_embd': 64, 'n_head': 8, 'n_layer': 8, 'dropout': 0.2}, 'training': {'batch_size': 32, 'learning_rate': '1e-4', 'max_epochs': 5, 'weight_decay': 0.0}, 'freeze': {'unfreeze_last_block': True, 'unfreeze_layer_norm': True}, 'data': {'train_csv': 'path/to/train_labels.csv', 'val_csv': 'path/to/val_labels.csv'}, 'output': {'dir': 'finetune_checkpoints'}}
2025-08-02 22:30:03,572 [INFO] Trainable params: 49,985
2025-08-02 22:30:40,782 [INFO] Starting fine-tuning. Config: {'model': {'pretrained_path': 'model_files/ECGPT_560k_iters.pth', 'vocab_size': 101, 'block_size': 500, 'n_embd': 64, 'n_head': 8, 'n_layer': 8, 'dropout': 0.2}, 'training': {'batch_size': 32, 'learning_rate': '1e-4', 'max_epochs': 5, 'weight_decay': 0.0}, 'freeze': {'unfreeze_last_block': True, 'unfreeze_layer_norm': True}, 'data': {'train_csv': 'path/to/train_labels.csv', 'val_csv': 'path/to/val_labels.csv'}, 'output': {'dir': 'finetune_checkpoints'}}
2025-08-02 22:30:40,783 [INFO] Trainable params: 49,985
2025-08-02 22:31:12,782 [INFO] [Epoch 1] train loss: 0.6983
2025-08-02 22:31:35,293 [INFO] [Epoch 1] val loss: 0.6938
2025-08-02 22:37:16,602 [INFO] Starting fine-tuning. Config: {'model': {'pretrained_path': 'model_files/ECGPT_560k_iters.pth', 'vocab_size': 101, 'block_size': 500, 'n_embd': 64, 'n_head': 8, 'n_layer': 8, 'dropout': 0.2}, 'training': {'batch_size': 32, 'learning_rate': '1e-4', 'max_epochs': 2, 'weight_decay': 0.0}, 'freeze': {'unfreeze_last_block': True, 'unfreeze_layer_norm': True}, 'data': {'train_csv': 'path/to/train_labels.csv', 'val_csv': 'path/to/val_labels.csv'}, 'output': {'dir': 'finetune_checkpoints'}}
2025-08-02 22:37:16,602 [INFO] Trainable params: 49,985
2025-08-02 22:37:48,441 [INFO] [Epoch 1] train loss: 0.6950
2025-08-02 22:38:11,074 [INFO] [Epoch 1] val loss: 0.6935
2025-08-02 22:38:43,113 [INFO] [Epoch 2] train loss: 0.6935
2025-08-02 22:39:05,693 [INFO] [Epoch 2] val loss: 0.6933
2025-08-02 22:39:05,781 [INFO] Fine-tuning complete.
